node.exe : C:\Users\Aks
har\Desktop\talent_iq\a
i_mock_interviews\node_
modules\firebase-admin\
lib\app\credential-inte
rnal.js:174
At C:\Program Files\nod
ejs\npx.ps1:29 char:3
+   & $NODE_EXE 
$NPX_CLI_JS $args
+   ~~~~~~~~~~~~~~~~~~~
~~~~~~~~~~
    + CategoryInfo     
         : 
NotSpecified: (C:\    
Users\Akshar...interna 
   l.js:174:String) 
[], R    emoteException
    + 
FullyQualifiedErrorI   
 d : NativeCommandError
 
            throw new e
rror_1.FirebaseAppError
(error_1.AppErrorCodes.
INVALID_CREDENTIAL, 
errorMessage);
                  ^

FirebaseAppError: 
Service account object 
must contain a string 
"project_id" property.
    at new 
ServiceAccount (C:\User
s\Akshar\Desktop\talent
_iq\ai_mock_interviews\
node_modules\firebase-a
dmin\lib\app\credential
-internal.js:174:19)
    at new ServiceAccou
ntCredential (C:\Users\
Akshar\Desktop\talent_i
q\ai_mock_interviews\no
de_modules\firebase-adm
in\lib\app\credential-i
nternal.js:118:15)
    at cert (C:\Users\A
kshar\Desktop\talent_iq
\ai_mock_interviews\nod
e_modules\firebase-admi
n\lib\app\credential-fa
ctory.js:105:54)
    at 
initFirebaseAdmin (C:\U
sers\Akshar\Desktop\tal
ent_iq\ai_mock_intervie
ws\firebase\admin.ts:21
:19)
    at <anonymous> (C:\
Users\Akshar\Desktop\ta
lent_iq\ai_mock_intervi
ews\firebase\admin.ts:3
5:29)
    at 
Object.<anonymous> (C:\
Users\Akshar\Desktop\ta
lent_iq\ai_mock_intervi
ews\firebase\admin.ts:3
5:47)
    at Module._compile 
(node:internal/modules/
cjs/loader:1730:14)
    at 
Object.transformer (C:\
Users\Akshar\AppData\Lo
cal\npm-cache\_npx\fd45
a72a545557e9\node_modul
es\tsx\dist\register-D4
6fvsV_.cjs:3:1104)
    at Module.load (nod
e:internal/modules/cjs/
loader:1465:32)
    at Function._load (
node:internal/modules/c
js/loader:1282:12) {
  errorInfo: {
    code: 'app/invalid-
credential',
    message: 'Service 
account object must 
contain a string 
"project_id" property.'
  },
  codePrefix: 'app'
}

Node.js v22.16.0
